Connecting to remote database...
Do you want to push these migrations to the remote database?
 • 20260821120001_identity_foundation.sql
 • 20260821120002_rls_and_grants.sql
 • 20260821120003_staff_reads_require_aal2.sql
 • 20260821120004_global_staff_aal2_gate.sql
 • 20260821120005_restrictive_staff_aal2.sql
 • 20260822120006_milestone1_read_surfaces.sql
 • 20260828120007_service_role_platform_grants.sql
 • 20260928120008_milestone2_document_uploads.sql
 • 20260928120009_milestone3_review_and_response.sql
 • 20260928120010_milestone4_review_and_approval.sql
 • 20260928120011_milestone5_source_adapters.sql
 • 20260928120012_milestone6_release_controls.sql
 • 20260929120013_review_tenant.sql
 [Y/n] y
Applying migration 20260821120001_identity_foundation.sql...
Applying migration 20260821120002_rls_and_grants.sql...
Applying migration 20260821120003_staff_reads_require_aal2.sql...
Applying migration 20260821120004_global_staff_aal2_gate.sql...
Applying migration 20260821120005_restrictive_staff_aal2.sql...
Applying migration 20260822120006_milestone1_read_surfaces.sql...
Applying migration 20260828120007_service_role_platform_grants.sql...
Applying migration 20260928120008_milestone2_document_uploads.sql...
Applying migration 20260928120009_milestone3_review_and_response.sql...
Applying migration 20260928120010_milestone4_review_and_approval.sql...
Applying migration 20260928120011_milestone5_source_adapters.sql...
Applying migration 20260928120012_milestone6_release_controls.sql...
Applying migration 20260929120013_review_tenant.sql...
{"upToDate":false,"dryRun":false,"migrations":["20260821120001_identity_foundation.sql","20260821120002_rls_and_grants.sql","20260821120003_staff_reads_require_aal2.sql","20260821120004_global_staff_aal2_gate.sql","20260821120005_restrictive_staff_aal2.sql","20260822120006_milestone1_read_surfaces.sql","20260828120007_service_role_platform_grants.sql","20260928120008_milestone2_document_uploads.sql","20260928120009_milestone3_review_and_response.sql","20260928120010_milestone4_review_and_approval.sql","20260928120011_milestone5_source_adapters.sql","20260928120012_milestone6_release_controls.sql","20260929120013_review_tenant.sql"],"seeds":[],"roles":[],"message":"Finished supabase db push."}
