hosted-config-push: pushing the masked configuration to staging (zhdvmllscjyepwucbtzq)
Loading config override: [remotes.staging]
Pushing config to project: zhdvmllscjyepwucbtzq
Remote API config is up to date.
Remote DB config is up to date.
Updating Auth service with config: diff remote[auth] local[auth]
--- remote[auth]
+++ local[auth]
@@ -7,9 +7,9 @@
 enable_refresh_token_rotation = true
 refresh_token_reuse_interval = 10
 enable_manual_linking = false
-enable_signup = true
+enable_signup = false
 enable_anonymous_sign_ins = false
-minimum_password_length = 6
+minimum_password_length = 12
 password_requirements = ""
 signing_keys_path = ""
 publishable_key = ""
@@ -58,12 +58,12 @@
 enable_confirmations = true
 secure_password_change = false
 max_frequency = "1m0s"
-otp_length = 8
+otp_length = 6
 otp_expiry = 3600
 [email.template]
 [email.template.magic_link]
-subject = "Your sign-in link"
-content = "<h2>Your sign-in link</h2>\n\n<p>Follow the link below to sign in. This link expires shortly and can only be used once.</p>\n<p><a href=\"{{ .ConfirmationURL }}\">Sign in</a></p>"
+subject = "Your HIVE sign-in code"
+content = "<!-- HIVE sign-in code email (P0-1).\n     GoTrue's default magic-link template sends a clickable link; HIVE's\n     invite-only flow enters a six-digit code, so this template delivers\n     {{ .Token }} and the black-box lane asserts sign-in without ever\n     following a link. One template for the local stack and the hosted\n     projects; synthetic recipients locally. -->\n<h2>Your HIVE sign-in code</h2>\n<p>Enter this sign-in code in the HIVE app to continue:</p>\n<p style=\"font-size: 28px; font-weight: 700; letter-spacing: 4px;\">{{ .Token }}</p>\n<p>This code expires in one hour. If you did not request it, you can ignore this email.</p>\n"
 content_path = "./supabase/templates/magic_link.html"
 
 [sms]

{"_tag":"Error","error":{"code":"LegacyConfigPushAuthUpdateStatusError","message":"unexpected status 402: {\"message\":\"The following auth hooks cannot be configured for this organization: HOOK_PASSWORD_VERIFICATION_ATTEMPT\"}"}}
exit 1
hosted-config-push: pushing the masked configuration to staging (zhdvmllscjyepwucbtzq)
Loading config override: [remotes.staging]
Pushing config to project: zhdvmllscjyepwucbtzq
Remote API config is up to date.
Remote DB config is up to date.
Updating Auth service with config: diff remote[auth] local[auth]
--- remote[auth]
+++ local[auth]
@@ -7,9 +7,9 @@
 enable_refresh_token_rotation = true
 refresh_token_reuse_interval = 10
 enable_manual_linking = false
-enable_signup = true
+enable_signup = false
 enable_anonymous_sign_ins = false
-minimum_password_length = 6
+minimum_password_length = 12
 password_requirements = ""
 signing_keys_path = ""
 publishable_key = ""
@@ -58,12 +58,12 @@
 enable_confirmations = true
 secure_password_change = false
 max_frequency = "1m0s"
-otp_length = 8
+otp_length = 6
 otp_expiry = 3600
 [email.template]
 [email.template.magic_link]
-subject = "Your sign-in link"
-content = "<h2>Your sign-in link</h2>\n\n<p>Follow the link below to sign in. This link expires shortly and can only be used once.</p>\n<p><a href=\"{{ .ConfirmationURL }}\">Sign in</a></p>"
+subject = "Your HIVE sign-in code"
+content = "<!-- HIVE sign-in code email (P0-1).\n     GoTrue's default magic-link template sends a clickable link; HIVE's\n     invite-only flow enters a six-digit code, so this template delivers\n     {{ .Token }} and the black-box lane asserts sign-in without ever\n     following a link. One template for the local stack and the hosted\n     projects; synthetic recipients locally. -->\n<h2>Your HIVE sign-in code</h2>\n<p>Enter this sign-in code in the HIVE app to continue:</p>\n<p style=\"font-size: 28px; font-weight: 700; letter-spacing: 4px;\">{{ .Token }}</p>\n<p>This code expires in one hour. If you did not request it, you can ignore this email.</p>\n"
 content_path = "./supabase/templates/magic_link.html"
 
 [sms]

{"_tag":"Error","error":{"code":"LegacyConfigPushAuthUpdateStatusError","message":"unexpected status 402: {\"message\":\"The following auth hooks cannot be configured for this organization: HOOK_PASSWORD_VERIFICATION_ATTEMPT\"}"}}
