ok - client.owner@example.invalid: OTP request accepted
ok - client.owner@example.invalid: fresh message with exact recipient/subject and exactly one distinct six-digit token (ok)
ok - client.owner@example.invalid: token verified to a session (no link followed)
ok - client.owner@example.invalid: JWT sub equals the CANONICAL id cccccccc-0000-4000-8000-000000000001
ok - client.owner@example.invalid: first factor yields AAL1
ok - intake.beth@example.invalid: OTP request accepted
ok - intake.beth@example.invalid: fresh message with exact recipient/subject and exactly one distinct six-digit token (ok)
ok - intake.beth@example.invalid: token verified to a session (no link followed)
ok - intake.beth@example.invalid: JWT sub equals the CANONICAL id cccccccc-0000-4000-8000-000000000002
ok - intake.beth@example.invalid: first factor yields AAL1
ok - preparer.pat@example.invalid: OTP request accepted
ok - preparer.pat@example.invalid: fresh message with exact recipient/subject and exactly one distinct six-digit token (ok)
ok - preparer.pat@example.invalid: token verified to a session (no link followed)
ok - preparer.pat@example.invalid: JWT sub equals the CANONICAL id cccccccc-0000-4000-8000-000000000003
ok - preparer.pat@example.invalid: first factor yields AAL1
ok - reviewer.rae@example.invalid: OTP request accepted
ok - reviewer.rae@example.invalid: fresh message with exact recipient/subject and exactly one distinct six-digit token (ok)
ok - reviewer.rae@example.invalid: token verified to a session (no link followed)
ok - reviewer.rae@example.invalid: JWT sub equals the CANONICAL id cccccccc-0000-4000-8000-000000000004
ok - reviewer.rae@example.invalid: first factor yields AAL1
ok - approver.avery@example.invalid: OTP request accepted
ok - approver.avery@example.invalid: fresh message with exact recipient/subject and exactly one distinct six-digit token (ok)
ok - approver.avery@example.invalid: token verified to a session (no link followed)
ok - approver.avery@example.invalid: JWT sub equals the CANONICAL id cccccccc-0000-4000-8000-000000000005
ok - approver.avery@example.invalid: first factor yields AAL1
ok - client.second@example.invalid: OTP request accepted
ok - client.second@example.invalid: fresh message with exact recipient/subject and exactly one distinct six-digit token (ok)
ok - client.second@example.invalid: token verified to a session (no link followed)
ok - client.second@example.invalid: JWT sub equals the CANONICAL id cccccccc-0000-4000-8000-000000000006
ok - client.second@example.invalid: first factor yields AAL1
ok - nomember.norman@example.invalid: OTP request accepted
ok - nomember.norman@example.invalid: fresh message with exact recipient/subject and exactly one distinct six-digit token (ok)
ok - nomember.norman@example.invalid: token verified to a session (no link followed)
ok - nomember.norman@example.invalid: JWT sub equals the CANONICAL id cccccccc-0000-4000-8000-000000000007
ok - nomember.norman@example.invalid: first factor yields AAL1
ok - mixed.cross@example.invalid: OTP request accepted
ok - mixed.cross@example.invalid: fresh message with exact recipient/subject and exactly one distinct six-digit token (ok)
ok - mixed.cross@example.invalid: token verified to a session (no link followed)
ok - mixed.cross@example.invalid: JWT sub equals the CANONICAL id cccccccc-0000-4000-8000-000000000008
ok - mixed.cross@example.invalid: first factor yields AAL1
ok - mixed.same@example.invalid: OTP request accepted
ok - mixed.same@example.invalid: fresh message with exact recipient/subject and exactly one distinct six-digit token (ok)
ok - mixed.same@example.invalid: token verified to a session (no link followed)
ok - mixed.same@example.invalid: JWT sub equals the CANONICAL id cccccccc-0000-4000-8000-000000000009
ok - mixed.same@example.invalid: first factor yields AAL1
ok - client.owner@example.invalid: OTP request accepted
ok - client.owner@example.invalid: fresh message with exact recipient/subject and exactly one distinct six-digit token (ok)
ok - client.owner@example.invalid: token verified to a session (no link followed)
ok - client.owner@example.invalid: JWT sub equals the CANONICAL id cccccccc-0000-4000-8000-000000000001
ok - client.owner@example.invalid: first factor yields AAL1
ok - client.owner@example.invalid: repeated OTP request yields a fresh working code
ok - unknown email is rejected for OTP
ok - unknown email did not create an account
ok - client.owner@example.invalid: begin_document_upload reserves a quarantine path
ok - client.owner@example.invalid: the same idempotency key returns the same reservation
ok - client.owner@example.invalid: completion before the object exists is refused (transfer_incomplete)
ok - reviewer.rae@example.invalid: staff cannot reserve a document upload (403)
ok - client.second@example.invalid: cannot write under another client's reserved path (400)
ok - client.owner@example.invalid: cannot write at an unreserved path (400)
ok - client.owner@example.invalid: the object lands at the reserved path (200)
ok - client.owner@example.invalid: the uploader cannot read the quarantined object back (400)
ok - client.owner@example.invalid: a second write at the same path is refused (400)
ok - client.owner@example.invalid: completion verifies the object and quarantines the document
ok - client.owner@example.invalid: the document reads back as QUARANTINED through PostgREST
ok - client.owner@example.invalid: the activity trail carries "document received" (no free text)
ok - client.owner@example.invalid: a client cannot begin a scan (403)
ok - client.second@example.invalid: the new document is invisible to another client (zero rows)
ok - answer path: the seeded question starts OPEN with no answer (checked reset)
ok - client.owner@example.invalid: the November question is OPEN
ok - client.owner@example.invalid: the question carries its source link to the checked November statement
ok - client.owner@example.invalid: the source document resolves inside the scope, on another request of the case
ok - client.owner@example.invalid: save_request_answer_draft creates a draft at version 1
ok - client.owner@example.invalid: saving as if no draft existed, when one does, is refused (answer_changed)
ok - client.owner@example.invalid: a document on another request cannot be cited (invalid_document)
ok - reviewer.rae@example.invalid: staff cannot write a draft (403)
ok - client.owner@example.invalid: the draft carries its one citation
ok - client.second@example.invalid: the draft is invisible to another client (zero rows)
ok - reviewer.rae@example.invalid: staff at AAL1 see no draft (zero rows)
ok - client.owner@example.invalid: a blank draft can be saved (version 2)
ok - client.owner@example.invalid: but not submitted (empty_answer)
ok - client.owner@example.invalid: the final draft, citing the question's own checked document, is version 3
ok - client.owner@example.invalid: the final draft carries exactly one citation row
ok - client.owner@example.invalid: submitting a stale version is refused (answer_changed)
ok - client.second@example.invalid: cannot submit someone else's answer (403, indistinguishable from none)
ok - client.owner@example.invalid: an explicit submission settles the answer, stamped with server time
ok - client.owner@example.invalid: the same submission key replays the same receipt
ok - client.owner@example.invalid: a second submission is refused (already_submitted)
ok - client.owner@example.invalid: a submitted answer takes no more drafts (already_submitted)
ok - client.owner@example.invalid: the request moved to ANSWERED and its version moved with it
ok - client.owner@example.invalid: the case status did not move (EVIDENCE_PENDING)
ok - client.owner@example.invalid: the trail gained one "request answered" by the client (no free text)
ok - client.owner@example.invalid: audit receipts are not readable by a client (403)
ok - client.second@example.invalid: the submitted answer is invisible to another client (zero rows)
ok - preparer.pat@example.invalid: factor-clean before enrollment (0 deleted, readback zero)
ok - preparer.pat@example.invalid: OTP request accepted
ok - preparer.pat@example.invalid: fresh message with exact recipient/subject and exactly one distinct six-digit token (ok)
ok - preparer.pat@example.invalid: token verified to a session (no link followed)
ok - preparer.pat@example.invalid: JWT sub equals the CANONICAL id cccccccc-0000-4000-8000-000000000003
ok - preparer.pat@example.invalid: first factor yields AAL1
ok - preparer.pat@example.invalid AAL1: zero rows from environments
ok - preparer.pat@example.invalid AAL1: zero rows from clients
ok - preparer.pat@example.invalid AAL1: zero rows from entities
ok - preparer.pat@example.invalid AAL1: zero rows from cases
ok - preparer.pat@example.invalid AAL1: zero rows from case_attention_items
ok - preparer.pat@example.invalid AAL1: zero rows from case_next_actions
ok - preparer.pat@example.invalid AAL1: zero rows from requests
ok - preparer.pat@example.invalid AAL1: zero rows from activity_events
ok - preparer.pat@example.invalid AAL1: zero rows from document_uploads
ok - preparer.pat@example.invalid AAL1: zero rows from request_answers
ok - preparer.pat@example.invalid AAL1: zero rows from request_answer_citations
ok - preparer.pat@example.invalid AAL1: membership rows are exactly the canonical tuples (2)
ok - preparer.pat@example.invalid enroll: TOTP enrollment returns a secret
ok - preparer.pat@example.invalid enroll: TOTP verify succeeds
ok - preparer.pat@example.invalid enroll: verified session is AAL2
ok - preparer.pat@example.invalid enroll: AAL2 sub is still the canonical id
ok - preparer.pat@example.invalid AAL2: refresh token present
ok - preparer.pat@example.invalid AAL2: refresh exchange succeeds
ok - preparer.pat@example.invalid AAL2: refresh verified (later iat, rotated tokens, canonical sub, session retained, aal2)
ok - preparer.pat@example.invalid AAL2 (refreshed token): environments ids are exactly {11111111-0000-4000-8000-000000000001}
ok - preparer.pat@example.invalid AAL2 (refreshed token): clients ids are exactly {aaaaaaaa-0000-4000-8000-000000000001, bbbbbbbb-0000-4000-8000-000000000001}
ok - preparer.pat@example.invalid AAL2 (refreshed token): entities ids are exactly {aaaaaaaa-1111-4000-8000-000000000001, bbbbbbbb-1111-4000-8000-000000000001}
ok - preparer.pat@example.invalid AAL2 (refreshed token): cases ids are exactly {eeeeeeee-0000-4000-8000-0000000000a1, eeeeeeee-0000-4000-8000-0000000000a2, eeeeeeee-0000-4000-8000-0000000000b1}
ok - preparer.pat@example.invalid AAL2 (refreshed token): case_attention_items ids are exactly {ffffffff-0000-4000-8000-0000000000a1, ffffffff-0000-4000-8000-0000000000b1}
ok - preparer.pat@example.invalid AAL2 (refreshed token): case_next_actions ids are exactly {ffffffff-1111-4000-8000-0000000000a1, ffffffff-1111-4000-8000-0000000000b1}
ok - preparer.pat@example.invalid AAL2 (refreshed token): requests ids are exactly {dddddddd-0000-4000-8000-0000000000a1, dddddddd-0000-4000-8000-0000000000a2, dddddddd-0000-4000-8000-0000000000a3, dddddddd-0000-4000-8000-0000000000b1}
ok - preparer.pat@example.invalid AAL2 (refreshed token): activity_events ids are exactly {cccccccc-1111-4000-8000-0000000000a1, cccccccc-1111-4000-8000-0000000000a2, cccccccc-1111-4000-8000-0000000000a3, cccccccc-1111-4000-8000-0000000000b1, e0440068-633b-4c92-8a7e-8fc26d270198, d2ae5218-5916-46e1-b319-e3673a36dcbc}
ok - preparer.pat@example.invalid AAL2 (refreshed token): document_uploads ids are exactly {d0c0d0c0-0000-4000-8000-0000000000a1, d0c0d0c0-0000-4000-8000-0000000000a2, d0c0d0c0-0000-4000-8000-0000000000a3, d0c0d0c0-0000-4000-8000-0000000000a4, d0c0d0c0-0000-4000-8000-0000000000b1, 4e70f5d2-50c7-461f-87c0-53f9a14999ae}
ok - preparer.pat@example.invalid AAL2 (refreshed token): request_answers ids are exactly {5ae76654-dc36-431e-9fde-a1c18d688aea}
ok - preparer.pat@example.invalid AAL2 (refreshed token): request_answer_citations ids are exactly {b474b954-fe23-4e61-a007-928a616841d3}
ok - preparer.pat@example.invalid: OTP request accepted
ok - preparer.pat@example.invalid: fresh message with exact recipient/subject and exactly one distinct six-digit token (ok)
ok - preparer.pat@example.invalid: token verified to a session (no link followed)
ok - preparer.pat@example.invalid: JWT sub equals the CANONICAL id cccccccc-0000-4000-8000-000000000003
ok - preparer.pat@example.invalid: first factor yields AAL1
ok - preparer.pat@example.invalid: repeat login finds the verified factor
ok - preparer.pat@example.invalid: repeat login reaches AAL2 against the existing factor
ok - mixed.cross@example.invalid: factor-clean before enrollment (0 deleted, readback zero)
ok - mixed.cross@example.invalid: OTP request accepted
ok - mixed.cross@example.invalid: fresh message with exact recipient/subject and exactly one distinct six-digit token (ok)
ok - mixed.cross@example.invalid: token verified to a session (no link followed)
ok - mixed.cross@example.invalid: JWT sub equals the CANONICAL id cccccccc-0000-4000-8000-000000000008
ok - mixed.cross@example.invalid: first factor yields AAL1
ok - mixed.cross@example.invalid AAL1: zero rows from environments
ok - mixed.cross@example.invalid AAL1: zero rows from clients
ok - mixed.cross@example.invalid AAL1: zero rows from entities
ok - mixed.cross@example.invalid AAL1: zero rows from cases
ok - mixed.cross@example.invalid AAL1: zero rows from case_attention_items
ok - mixed.cross@example.invalid AAL1: zero rows from case_next_actions
ok - mixed.cross@example.invalid AAL1: zero rows from requests
ok - mixed.cross@example.invalid AAL1: zero rows from activity_events
ok - mixed.cross@example.invalid AAL1: zero rows from document_uploads
ok - mixed.cross@example.invalid AAL1: zero rows from request_answers
ok - mixed.cross@example.invalid AAL1: zero rows from request_answer_citations
ok - mixed.cross@example.invalid AAL1: membership rows are exactly the canonical tuples (2)
ok - mixed.cross@example.invalid enroll: TOTP enrollment returns a secret
ok - mixed.cross@example.invalid enroll: TOTP verify succeeds
ok - mixed.cross@example.invalid enroll: verified session is AAL2
ok - mixed.cross@example.invalid enroll: AAL2 sub is still the canonical id
ok - mixed.cross@example.invalid AAL2: refresh token present
ok - mixed.cross@example.invalid AAL2: refresh exchange succeeds
ok - mixed.cross@example.invalid AAL2: refresh verified (later iat, rotated tokens, canonical sub, session retained, aal2)
ok - mixed.cross@example.invalid AAL2: environments ids are exactly {11111111-0000-4000-8000-000000000001}
ok - mixed.cross@example.invalid AAL2: clients ids are exactly {aaaaaaaa-0000-4000-8000-000000000001, bbbbbbbb-0000-4000-8000-000000000001}
ok - mixed.cross@example.invalid AAL2: entities ids are exactly {aaaaaaaa-1111-4000-8000-000000000001, bbbbbbbb-1111-4000-8000-000000000001}
ok - mixed.cross@example.invalid AAL2: cases ids are exactly {eeeeeeee-0000-4000-8000-0000000000a1, eeeeeeee-0000-4000-8000-0000000000a2, eeeeeeee-0000-4000-8000-0000000000b1}
ok - mixed.cross@example.invalid AAL2: case_attention_items ids are exactly {ffffffff-0000-4000-8000-0000000000a1, ffffffff-0000-4000-8000-0000000000b1}
ok - mixed.cross@example.invalid AAL2: case_next_actions ids are exactly {ffffffff-1111-4000-8000-0000000000a1, ffffffff-1111-4000-8000-0000000000b1}
ok - mixed.cross@example.invalid AAL2: requests ids are exactly {dddddddd-0000-4000-8000-0000000000a1, dddddddd-0000-4000-8000-0000000000a2, dddddddd-0000-4000-8000-0000000000a3, dddddddd-0000-4000-8000-0000000000b1}
ok - mixed.cross@example.invalid AAL2: activity_events ids are exactly {cccccccc-1111-4000-8000-0000000000a1, cccccccc-1111-4000-8000-0000000000a2, cccccccc-1111-4000-8000-0000000000a3, cccccccc-1111-4000-8000-0000000000b1, e0440068-633b-4c92-8a7e-8fc26d270198, d2ae5218-5916-46e1-b319-e3673a36dcbc}
ok - mixed.cross@example.invalid AAL2: document_uploads ids are exactly {d0c0d0c0-0000-4000-8000-0000000000a1, d0c0d0c0-0000-4000-8000-0000000000a2, d0c0d0c0-0000-4000-8000-0000000000a3, d0c0d0c0-0000-4000-8000-0000000000a4, d0c0d0c0-0000-4000-8000-0000000000b1, 4e70f5d2-50c7-461f-87c0-53f9a14999ae}
ok - mixed.cross@example.invalid AAL2: request_answers ids are exactly {5ae76654-dc36-431e-9fde-a1c18d688aea}
ok - mixed.cross@example.invalid AAL2: request_answer_citations ids are exactly {b474b954-fe23-4e61-a007-928a616841d3}
ok - mixed.cross@example.invalid AAL2: zero rows for the unrelated entity B2
ok - mixed.cross@example.invalid AAL2: entity B2 itself stays invisible
ok - mixed.same@example.invalid: factor-clean before enrollment (0 deleted, readback zero)
ok - mixed.same@example.invalid: OTP request accepted
ok - mixed.same@example.invalid: fresh message with exact recipient/subject and exactly one distinct six-digit token (ok)
ok - mixed.same@example.invalid: token verified to a session (no link followed)
ok - mixed.same@example.invalid: JWT sub equals the CANONICAL id cccccccc-0000-4000-8000-000000000009
ok - mixed.same@example.invalid: first factor yields AAL1
ok - mixed.same@example.invalid AAL1: zero rows from environments
ok - mixed.same@example.invalid AAL1: zero rows from clients
ok - mixed.same@example.invalid AAL1: zero rows from entities
ok - mixed.same@example.invalid AAL1: zero rows from cases
ok - mixed.same@example.invalid AAL1: zero rows from case_attention_items
ok - mixed.same@example.invalid AAL1: zero rows from case_next_actions
ok - mixed.same@example.invalid AAL1: zero rows from requests
ok - mixed.same@example.invalid AAL1: zero rows from activity_events
ok - mixed.same@example.invalid AAL1: zero rows from document_uploads
ok - mixed.same@example.invalid AAL1: zero rows from request_answers
ok - mixed.same@example.invalid AAL1: zero rows from request_answer_citations
ok - mixed.same@example.invalid AAL1: membership rows are exactly the canonical tuples (2)
ok - mixed.same@example.invalid enroll: TOTP enrollment returns a secret
ok - mixed.same@example.invalid enroll: TOTP verify succeeds
ok - mixed.same@example.invalid enroll: verified session is AAL2
ok - mixed.same@example.invalid enroll: AAL2 sub is still the canonical id
ok - mixed.same@example.invalid AAL2: refresh token present
ok - mixed.same@example.invalid AAL2: refresh exchange succeeds
ok - mixed.same@example.invalid AAL2: refresh verified (later iat, rotated tokens, canonical sub, session retained, aal2)
ok - mixed.same@example.invalid AAL2: environments ids are exactly {11111111-0000-4000-8000-000000000001}
ok - mixed.same@example.invalid AAL2: clients ids are exactly {aaaaaaaa-0000-4000-8000-000000000001}
ok - mixed.same@example.invalid AAL2: entities ids are exactly {aaaaaaaa-1111-4000-8000-000000000001}
ok - mixed.same@example.invalid AAL2: cases ids are exactly {eeeeeeee-0000-4000-8000-0000000000a1, eeeeeeee-0000-4000-8000-0000000000a2}
ok - mixed.same@example.invalid AAL2: case_attention_items ids are exactly {ffffffff-0000-4000-8000-0000000000a1}
ok - mixed.same@example.invalid AAL2: case_next_actions ids are exactly {ffffffff-1111-4000-8000-0000000000a1}
ok - mixed.same@example.invalid AAL2: requests ids are exactly {dddddddd-0000-4000-8000-0000000000a1, dddddddd-0000-4000-8000-0000000000a2, dddddddd-0000-4000-8000-0000000000a3}
ok - mixed.same@example.invalid AAL2: activity_events ids are exactly {cccccccc-1111-4000-8000-0000000000a1, cccccccc-1111-4000-8000-0000000000a2, cccccccc-1111-4000-8000-0000000000a3, e0440068-633b-4c92-8a7e-8fc26d270198, d2ae5218-5916-46e1-b319-e3673a36dcbc}
ok - mixed.same@example.invalid AAL2: document_uploads ids are exactly {d0c0d0c0-0000-4000-8000-0000000000a1, d0c0d0c0-0000-4000-8000-0000000000a2, d0c0d0c0-0000-4000-8000-0000000000a3, d0c0d0c0-0000-4000-8000-0000000000a4, 4e70f5d2-50c7-461f-87c0-53f9a14999ae}
ok - mixed.same@example.invalid AAL2: request_answers ids are exactly {5ae76654-dc36-431e-9fde-a1c18d688aea}
ok - mixed.same@example.invalid AAL2: request_answer_citations ids are exactly {b474b954-fe23-4e61-a007-928a616841d3}
ok - mixed.same@example.invalid AAL2: zero rows for the unrelated client B
ok - mixed.same@example.invalid AAL2: zero case rows for the unrelated entity B1
ok - client.owner@example.invalid AAL1: refresh token present
ok - client.owner@example.invalid AAL1: refresh exchange succeeds
ok - client.owner@example.invalid AAL1: refresh verified (later iat, rotated tokens, canonical sub, session retained, aal1)
e2e-local-auth: 215 passed, 0 failed
e2e exit 0
